{"schema_version":1,"ok":true,"data":{"query":{"country":"de","city":"berlin"},"country":{"id":81,"name":"Germany","code":"DE","cities":[{"id":2181458,"name":"Berlin","slug":"berlin"}]},"server":{"id":1001,"name":"Germany #1001","hostname":"de1001.nordvpn.com","load":6,"status":"online","country_id":81,"country_name":"Germany","country_code":"DE","city_id":2181458,"city_name":"Berlin","city_slug":"berlin","wireguard_public_key":"AAAAAAAAAAAAAAAAAAAAAAAAAAAAAAAAAAAAAAAAAAA="},"countries_source":"cache","countries_fetched_at":"2026-08-27T08:00:00Z"}}
